#! /c/Source/iverilog-install/bin/vvp
:ivl_version "12.0 (devel)" "(s20150603-1539-g2693dd32b)";
:ivl_delay_selection "TYPICAL";
:vpi_time_precision + 0;
:vpi_module "D:\iverilog\lib\ivl\system.vpi";
:vpi_module "D:\iverilog\lib\ivl\vhdl_sys.vpi";
:vpi_module "D:\iverilog\lib\ivl\vhdl_textio.vpi";
:vpi_module "D:\iverilog\lib\ivl\v2005_math.vpi";
:vpi_module "D:\iverilog\lib\ivl\va_math.vpi";
S_000002597a5c8bd0 .scope module, "alu_tb" "alu_tb" 2 1;
 .timescale 0 0;
v000002597a613ac0_0 .var "a", 7 0;
v000002597a613b60_0 .var "b", 7 0;
v000002597a613c00_0 .net "carry_f", 0 0, v000002597a593200_0;  1 drivers
v000002597a613ca0_0 .net "negative_f", 0 0, v000002597a5c8ef0_0;  1 drivers
v000002597a613d40_0 .var "op", 2 0;
v000002597a613de0_0 .net "out", 7 0, v000002597a613840_0;  1 drivers
v000002597a613e80_0 .net "overflow_f", 0 0, v000002597a6138e0_0;  1 drivers
v000002597a613f70_0 .net "zero_f", 0 0, v000002597a613a20_0;  1 drivers
S_000002597a5c8d60 .scope module, "uut" "alu" 2 9, 3 1 0, S_000002597a5c8bd0;
 .timescale 0 0;
    .port_info 0 /INPUT 8 "a";
    .port_info 1 /INPUT 8 "b";
    .port_info 2 /INPUT 3 "op";
    .port_info 3 /OUTPUT 8 "out";
    .port_info 4 /OUTPUT 1 "zero_f";
    .port_info 5 /OUTPUT 1 "carry_f";
    .port_info 6 /OUTPUT 1 "negative_f";
    .port_info 7 /OUTPUT 1 "overflow_f";
v000002597a592fc0_0 .net "a", 7 0, v000002597a613ac0_0;  1 drivers
v000002597a592bf0_0 .net "b", 7 0, v000002597a613b60_0;  1 drivers
v000002597a593200_0 .var "carry_f", 0 0;
v000002597a5c8ef0_0 .var "negative_f", 0 0;
v000002597a5c8f90_0 .net "op", 2 0, v000002597a613d40_0;  1 drivers
v000002597a613840_0 .var "out", 7 0;
v000002597a6138e0_0 .var "overflow_f", 0 0;
v000002597a613980_0 .var "temp", 8 0;
v000002597a613a20_0 .var "zero_f", 0 0;
E_000002597a5b4c20/0 .event anyedge, v000002597a5c8f90_0, v000002597a592fc0_0, v000002597a592bf0_0, v000002597a613980_0;
E_000002597a5b4c20/1 .event anyedge, v000002597a613840_0;
E_000002597a5b4c20 .event/or E_000002597a5b4c20/0, E_000002597a5b4c20/1;
    .scope S_000002597a5c8d60;
T_0 ;
    %wait E_000002597a5b4c20;
    %pushi/vec4 0, 0, 1;
    %store/vec4 v000002597a593200_0, 0, 1;
    %pushi/vec4 0, 0, 1;
    %store/vec4 v000002597a6138e0_0, 0, 1;
    %load/vec4 v000002597a5c8f90_0;
    %dup/vec4;
    %pushi/vec4 0, 0, 3;
    %cmp/u;
    %jmp/1 T_0.0, 6;
    %dup/vec4;
    %pushi/vec4 1, 0, 3;
    %cmp/u;
    %jmp/1 T_0.1, 6;
    %dup/vec4;
    %pushi/vec4 2, 0, 3;
    %cmp/u;
    %jmp/1 T_0.2, 6;
    %dup/vec4;
    %pushi/vec4 3, 0, 3;
    %cmp/u;
    %jmp/1 T_0.3, 6;
    %dup/vec4;
    %pushi/vec4 4, 0, 3;
    %cmp/u;
    %jmp/1 T_0.4, 6;
    %dup/vec4;
    %pushi/vec4 5, 0, 3;
    %cmp/u;
    %jmp/1 T_0.5, 6;
    %dup/vec4;
    %pushi/vec4 6, 0, 3;
    %cmp/u;
    %jmp/1 T_0.6, 6;
    %dup/vec4;
    %pushi/vec4 7, 0, 3;
    %cmp/u;
    %jmp/1 T_0.7, 6;
    %jmp T_0.8;
T_0.0 ;
    %load/vec4 v000002597a592fc0_0;
    %pad/u 9;
    %load/vec4 v000002597a592bf0_0;
    %pad/u 9;
    %add;
    %store/vec4 v000002597a613980_0, 0, 9;
    %load/vec4 v000002597a613980_0;
    %parti/s 8, 0, 2;
    %store/vec4 v000002597a613840_0, 0, 8;
    %load/vec4 v000002597a613980_0;
    %parti/s 1, 8, 5;
    %store/vec4 v000002597a593200_0, 0, 1;
    %jmp T_0.8;
T_0.1 ;
    %load/vec4 v000002597a592fc0_0;
    %pad/u 9;
    %load/vec4 v000002597a592bf0_0;
    %pad/u 9;
    %sub;
    %store/vec4 v000002597a613980_0, 0, 9;
    %load/vec4 v000002597a613980_0;
    %parti/s 8, 0, 2;
    %store/vec4 v000002597a613840_0, 0, 8;
    %load/vec4 v000002597a613980_0;
    %parti/s 1, 8, 5;
    %store/vec4 v000002597a593200_0, 0, 1;
    %jmp T_0.8;
T_0.2 ;
    %load/vec4 v000002597a592fc0_0;
    %load/vec4 v000002597a592bf0_0;
    %and;
    %store/vec4 v000002597a613840_0, 0, 8;
    %jmp T_0.8;
T_0.3 ;
    %load/vec4 v000002597a592fc0_0;
    %load/vec4 v000002597a592bf0_0;
    %or;
    %store/vec4 v000002597a613840_0, 0, 8;
    %jmp T_0.8;
T_0.4 ;
    %load/vec4 v000002597a592fc0_0;
    %load/vec4 v000002597a592bf0_0;
    %xor;
    %store/vec4 v000002597a613840_0, 0, 8;
    %jmp T_0.8;
T_0.5 ;
    %load/vec4 v000002597a592fc0_0;
    %inv;
    %store/vec4 v000002597a613840_0, 0, 8;
    %jmp T_0.8;
T_0.6 ;
    %load/vec4 v000002597a592fc0_0;
    %ix/load 4, 1, 0;
    %flag_set/imm 4, 0;
    %shiftl 4;
    %store/vec4 v000002597a613840_0, 0, 8;
    %jmp T_0.8;
T_0.7 ;
    %load/vec4 v000002597a592fc0_0;
    %ix/load 4, 1, 0;
    %flag_set/imm 4, 0;
    %shiftr 4;
    %store/vec4 v000002597a613840_0, 0, 8;
    %jmp T_0.8;
T_0.8 ;
    %pop/vec4 1;
    %load/vec4 v000002597a613840_0;
    %pushi/vec4 0, 0, 8;
    %cmp/e;
    %flag_get/vec4 4;
    %store/vec4 v000002597a613a20_0, 0, 1;
    %load/vec4 v000002597a613840_0;
    %parti/s 1, 7, 4;
    %store/vec4 v000002597a5c8ef0_0, 0, 1;
    %jmp T_0;
    .thread T_0, $push;
    .scope S_000002597a5c8bd0;
T_1 ;
    %vpi_call 2 11 "$dumpfile", "wave.vcd" {0 0 0};
    %vpi_call 2 12 "$dumpvars", 32'sb00000000000000000000000000000000, S_000002597a5c8bd0 {0 0 0};
    %pushi/vec4 10, 0, 8;
    %store/vec4 v000002597a613ac0_0, 0, 8;
    %pushi/vec4 5, 0, 8;
    %store/vec4 v000002597a613b60_0, 0, 8;
    %pushi/vec4 0, 0, 3;
    %store/vec4 v000002597a613d40_0, 0, 3;
    %delay 10, 0;
    %pushi/vec4 1, 0, 3;
    %store/vec4 v000002597a613d40_0, 0, 3;
    %delay 10, 0;
    %pushi/vec4 2, 0, 3;
    %store/vec4 v000002597a613d40_0, 0, 3;
    %delay 10, 0;
    %pushi/vec4 3, 0, 3;
    %store/vec4 v000002597a613d40_0, 0, 3;
    %delay 10, 0;
    %pushi/vec4 4, 0, 3;
    %store/vec4 v000002597a613d40_0, 0, 3;
    %delay 10, 0;
    %pushi/vec4 5, 0, 3;
    %store/vec4 v000002597a613d40_0, 0, 3;
    %delay 10, 0;
    %pushi/vec4 6, 0, 3;
    %store/vec4 v000002597a613d40_0, 0, 3;
    %delay 10, 0;
    %pushi/vec4 7, 0, 3;
    %store/vec4 v000002597a613d40_0, 0, 3;
    %delay 10, 0;
    %vpi_call 2 23 "$finish" {0 0 0};
    %end;
    .thread T_1;
# The file index is used to find the file name in the following table.
:file_names 4;
    "N/A";
    "<interactive>";
    "alu_tb.v";
    "alu.v";
